login as: vagrant
vagrant@192.168.33.20's password:
Last login: Thu Aug  9 04:33:11 2018 from 192.168.33.1
[vagrant@localhost ~]$ ls
[vagrant@localhost ~]$ pwd
/home/vagrant
[vagrant@localhost ~]$ cd /opt
-bash: cd: /opy: No such file or directory
[vagrant@localhost ~]$ ls
jdk-8u171-linux-x64.tar.gz
[vagrant@localhost ~]$ tar -xzf jdk-8u171-linux-x64.tar.gz
[vagrant@localhost ~]$ ls
jdk1.8.0_171  jdk-8u171-linux-x64.tar.gz
[vagrant@localhost ~]$ sudo su
[root@localhost vagrant]# yum install java
Loaded plugins: fastestmirror
Setting up Install Process
Determining fastest mirrors
epel/metalink                                            | 6.0 kB     00:00
 * base: centos.excellmedia.net
 * epel: ftp.jaist.ac.jp
 * extras: centos.excellmedia.net
 * updates: centos.excellmedia.net
base                                                     | 3.7 kB     00:00
base/primary_db                                          | 4.7 MB     01:15
epel                                                     | 3.2 kB     00:00
epel/primary                                             | 3.2 MB     02:16
epel                                                                12518/12518
extras                                                   | 3.4 kB     00:00
extras/primary_db                                        |  25 kB     00:00
updates                                                  | 3.4 kB     00:00
updates/primary_db                                       | 667 kB     00:01
Resolving Dependencies
--> Running transaction check
---> Package java-1.8.0-openjdk.x86_64 1:1.8.0.181-3.b13.el6_10 will be installed
--> Processing Dependency: java-1.8.0-openjdk-headless = 1:1.8.0.181-3.b13.el6_10 for package: 1:java-1.8.0-openjdk-1.8.0.181-3.b13.el6_10.x86_64
--> Processing Dependency: xorg-x11-fonts-Type1 for package: 1:java-1.8.0-openjdk-1.8.0.181-3.b13.el6_10.x86_64
--> Processing Dependency: libpng12.so.0(PNG12_0)(64bit) for package: 1:java-1.8.0-openjdk-1.8.0.181-3.b13.el6_10.x86_64
--> Processing Dependency: libjvm.so(SUNWprivate_1.1)(64bit) for package: 1:java-1.8.0-openjdk-1.8.0.181-3.b13.el6_10.x86_64
--> Processing Dependency: libjpeg.so.62(LIBJPEG_6.2)(64bit) for package: 1:java-1.8.0-openjdk-1.8.0.181-3.b13.el6_10.x86_64
--> Processing Dependency: libjli.so(SUNWprivate_1.1)(64bit) for package: 1:java-1.8.0-openjdk-1.8.0.181-3.b13.el6_10.x86_64
--> Processing Dependency: libjava.so(SUNWprivate_1.1)(64bit) for package: 1:java-1.8.0-openjdk-1.8.0.181-3.b13.el6_10.x86_64
--> Processing Dependency: libasound.so.2(ALSA_0.9.0rc4)(64bit) for package: 1:java-1.8.0-openjdk-1.8.0.181-3.b13.el6_10.x86_64
--> Processing Dependency: libasound.so.2(ALSA_0.9)(64bit) for package: 1:java-1.8.0-openjdk-1.8.0.181-3.b13.el6_10.x86_64
--> Processing Dependency: fontconfig for package: 1:java-1.8.0-openjdk-1.8.0.181-3.b13.el6_10.x86_64
--> Processing Dependency: libpng12.so.0()(64bit) for package: 1:java-1.8.0-openjdk-1.8.0.181-3.b13.el6_10.x86_64
--> Processing Dependency: libjvm.so()(64bit) for package: 1:java-1.8.0-openjdk-1.8.0.181-3.b13.el6_10.x86_64
--> Processing Dependency: libjpeg.so.62()(64bit) for package: 1:java-1.8.0-openjdk-1.8.0.181-3.b13.el6_10.x86_64
--> Processing Dependency: libjli.so()(64bit) for package: 1:java-1.8.0-openjdk-1.8.0.181-3.b13.el6_10.x86_64
--> Processing Dependency: libjava.so()(64bit) for package: 1:java-1.8.0-openjdk-1.8.0.181-3.b13.el6_10.x86_64
--> Processing Dependency: libgif.so.4()(64bit) for package: 1:java-1.8.0-openjdk-1.8.0.181-3.b13.el6_10.x86_64
--> Processing Dependency: libawt.so()(64bit) for package: 1:java-1.8.0-openjdk-1.8.0.181-3.b13.el6_10.x86_64
--> Processing Dependency: libasound.so.2()(64bit) for package: 1:java-1.8.0-openjdk-1.8.0.181-3.b13.el6_10.x86_64
--> Processing Dependency: libXtst.so.6()(64bit) for package: 1:java-1.8.0-openjdk-1.8.0.181-3.b13.el6_10.x86_64
--> Processing Dependency: libXrender.so.1()(64bit) for package: 1:java-1.8.0-openjdk-1.8.0.181-3.b13.el6_10.x86_64
--> Processing Dependency: libXi.so.6()(64bit) for package: 1:java-1.8.0-openjdk-1.8.0.181-3.b13.el6_10.x86_64
--> Processing Dependency: libXext.so.6()(64bit) for package: 1:java-1.8.0-openjdk-1.8.0.181-3.b13.el6_10.x86_64
--> Processing Dependency: libX11.so.6()(64bit) for package: 1:java-1.8.0-openjdk-1.8.0.181-3.b13.el6_10.x86_64
--> Running transaction check
---> Package alsa-lib.x86_64 0:1.1.0-4.el6 will be installed
---> Package fontconfig.x86_64 0:2.8.0-5.el6 will be installed
--> Processing Dependency: freetype >= 2.1.4 for package: fontconfig-2.8.0-5.el6.x86_64
--> Processing Dependency: libfreetype.so.6()(64bit) for package: fontconfig-2.8.0-5.el6.x86_64
---> Package giflib.x86_64 0:4.1.6-3.1.el6 will be installed
--> Processing Dependency: libSM.so.6()(64bit) for package: giflib-4.1.6-3.1.el6.x86_64
--> Processing Dependency: libICE.so.6()(64bit) for package: giflib-4.1.6-3.1.el6.x86_64
---> Package java-1.8.0-openjdk-headless.x86_64 1:1.8.0.181-3.b13.el6_10 will be installed
--> Processing Dependency: tzdata-java >= 2014f-1 for package: 1:java-1.8.0-openjdk-headless-1.8.0.181-3.b13.el6_10.x86_64
--> Processing Dependency: nss >= 3.36.0 for package: 1:java-1.8.0-openjdk-headless-1.8.0.181-3.b13.el6_10.x86_64
--> Processing Dependency: jpackage-utils for package: 1:java-1.8.0-openjdk-headless-1.8.0.181-3.b13.el6_10.x86_64
---> Package libX11.x86_64 0:1.6.4-3.el6 will be installed
--> Processing Dependency: libX11-common = 1.6.4-3.el6 for package: libX11-1.6.4-3.el6.x86_64
--> Processing Dependency: libxcb.so.1()(64bit) for package: libX11-1.6.4-3.el6.x86_64
---> Package libXext.x86_64 0:1.3.3-1.el6 will be installed
---> Package libXi.x86_64 0:1.7.8-1.el6 will be installed
---> Package libXrender.x86_64 0:0.9.10-1.el6 will be installed
---> Package libXtst.x86_64 0:1.2.3-1.el6 will be installed
---> Package libjpeg-turbo.x86_64 0:1.2.1-3.el6_5 will be installed
---> Package libpng.x86_64 2:1.2.49-2.el6_7 will be installed
---> Package xorg-x11-fonts-Type1.noarch 0:7.2-11.el6 will be installed
--> Processing Dependency: ttmkfdir for package: xorg-x11-fonts-Type1-7.2-11.el6.noarch
--> Processing Dependency: ttmkfdir for package: xorg-x11-fonts-Type1-7.2-11.el6.noarch
--> Processing Dependency: mkfontdir for package: xorg-x11-fonts-Type1-7.2-11.el6.noarch
--> Processing Dependency: mkfontdir for package: xorg-x11-fonts-Type1-7.2-11.el6.noarch
--> Running transaction check
---> Package freetype.x86_64 0:2.3.11-17.el6 will be installed
---> Package jpackage-utils.noarch 0:1.7.5-3.16.el6 will be installed
---> Package libICE.x86_64 0:1.0.6-1.el6 will be installed
---> Package libSM.x86_64 0:1.2.1-2.el6 will be installed
---> Package libX11-common.noarch 0:1.6.4-3.el6 will be installed
---> Package libxcb.x86_64 0:1.12-4.el6 will be installed
--> Processing Dependency: libXau.so.6()(64bit) for package: libxcb-1.12-4.el6.x86_64
---> Package nss.x86_64 0:3.28.4-4.el6_9 will be updated
--> Processing Dependency: nss = 3.28.4-4.el6_9 for package: nss-sysinit-3.28.4-4.el6_9.x86_64
--> Processing Dependency: nss(x86-64) = 3.28.4-4.el6_9 for package: nss-tools-3.28.4-4.el6_9.x86_64
---> Package nss.x86_64 0:3.36.0-8.el6 will be an update
--> Processing Dependency: nss-util >= 3.36.0 for package: nss-3.36.0-8.el6.x86_64
--> Processing Dependency: nspr >= 4.19.0 for package: nss-3.36.0-8.el6.x86_64
--> Processing Dependency: libnssutil3.so(NSSUTIL_3.33)(64bit) for package: nss-3.36.0-8.el6.x86_64
--> Processing Dependency: libnssutil3.so(NSSUTIL_3.31)(64bit) for package: nss-3.36.0-8.el6.x86_64
---> Package ttmkfdir.x86_64 0:3.0.9-32.1.el6 will be installed
---> Package tzdata-java.noarch 0:2018e-3.el6 will be installed
---> Package xorg-x11-font-utils.x86_64 1:7.2-11.el6 will be installed
--> Processing Dependency: libfontenc.so.1()(64bit) for package: 1:xorg-x11-font-utils-7.2-11.el6.x86_64
--> Processing Dependency: libXfont.so.1()(64bit) for package: 1:xorg-x11-font-utils-7.2-11.el6.x86_64
--> Running transaction check
---> Package libXau.x86_64 0:1.0.6-4.el6 will be installed
---> Package libXfont.x86_64 0:1.5.1-2.el6 will be installed
---> Package libfontenc.x86_64 0:1.1.2-3.el6 will be installed
---> Package nspr.x86_64 0:4.13.1-1.el6 will be updated
---> Package nspr.x86_64 0:4.19.0-1.el6 will be an update
---> Package nss-sysinit.x86_64 0:3.28.4-4.el6_9 will be updated
---> Package nss-sysinit.x86_64 0:3.36.0-8.el6 will be an update
---> Package nss-tools.x86_64 0:3.28.4-4.el6_9 will be updated
---> Package nss-tools.x86_64 0:3.36.0-8.el6 will be an update
---> Package nss-util.x86_64 0:3.28.4-1.el6_9 will be updated
---> Package nss-util.x86_64 0:3.36.0-1.el6 will be an update
--> Finished Dependency Resolution

Dependencies Resolved

================================================================================
 Package                      Arch    Version                    Repository
                                                                           Size
================================================================================
Installing:
 java-1.8.0-openjdk           x86_64  1:1.8.0.181-3.b13.el6_10   updates  209 k
Installing for dependencies:
 alsa-lib                     x86_64  1.1.0-4.el6                base     389 k
 fontconfig                   x86_64  2.8.0-5.el6                base     186 k
 freetype                     x86_64  2.3.11-17.el6              base     361 k
 giflib                       x86_64  4.1.6-3.1.el6              base      37 k
 java-1.8.0-openjdk-headless  x86_64  1:1.8.0.181-3.b13.el6_10   updates   32 M
 jpackage-utils               noarch  1.7.5-3.16.el6             base      60 k
 libICE                       x86_64  1.0.6-1.el6                base      53 k
 libSM                        x86_64  1.2.1-2.el6                base      37 k
 libX11                       x86_64  1.6.4-3.el6                base     587 k
 libX11-common                noarch  1.6.4-3.el6                base     171 k
 libXau                       x86_64  1.0.6-4.el6                base      24 k
 libXext                      x86_64  1.3.3-1.el6                base      35 k
 libXfont                     x86_64  1.5.1-2.el6                base     145 k
 libXi                        x86_64  1.7.8-1.el6                base      38 k
 libXrender                   x86_64  0.9.10-1.el6               base      24 k
 libXtst                      x86_64  1.2.3-1.el6                base      19 k
 libfontenc                   x86_64  1.1.2-3.el6                base      29 k
 libjpeg-turbo                x86_64  1.2.1-3.el6_5              base     174 k
 libpng                       x86_64  2:1.2.49-2.el6_7           base     182 k
 libxcb                       x86_64  1.12-4.el6                 base     180 k
 ttmkfdir                     x86_64  3.0.9-32.1.el6             base      43 k
 tzdata-java                  noarch  2018e-3.el6                base     185 k
 xorg-x11-font-utils          x86_64  1:7.2-11.el6               base      75 k
 xorg-x11-fonts-Type1         noarch  7.2-11.el6                 base     520 k
Updating for dependencies:
 nspr                         x86_64  4.19.0-1.el6               base     114 k
 nss                          x86_64  3.36.0-8.el6               base     865 k
 nss-sysinit                  x86_64  3.36.0-8.el6               base      52 k
 nss-tools                    x86_64  3.36.0-8.el6               base     460 k
 nss-util                     x86_64  3.36.0-1.el6               base      72 k

Transaction Summary
================================================================================
Install      25 Package(s)
Upgrade       5 Package(s)

Total download size: 37 M
Is this ok [y/N]: y-
Is this ok [y/N]: y
Downloading Packages:
(1/30): alsa-lib-1.1.0-4.el6.x86_64.rpm                  | 389 kB     00:02
(2/30): fontconfig-2.8.0-5.el6.x86_64.rpm                | 186 kB     00:04
(3/30): freetype-2.3.11-17.el6.x86_64.rpm                | 361 kB     00:01
(4/30): giflib-4.1.6-3.1.el6.x86_64.rpm                  |  37 kB     00:00
(5/30): java-1.8.0-openjdk-1.8.0.181-3.b13.el6_10.x86_64 | 209 kB     00:00
http://centos.excellmedia.net/6.10/updates/x86_64/Packages/java-1.8.0-openjdk-headless-1.8.0.181-3.b13.el6_10.x86_64.rpm: [Errno 14] PYCURL ERROR 18 - "transfer closed with 32850165 bytes remaining to read"
Trying other mirror.
http://mirrors.fibergrid.in/centos/6.10/updates/x86_64/Packages/java-1.8.0-openjdk-headless-1.8.0.181-3.b13.el6_10.x86_64.rpm: [Errno 12] Timeout on http://mirrors.fibergrid.in/centos/6.10/updates/x86_64/Packages/java-1.8.0-openjdk-headless-1.8.0.181-3.b13.el6_10.x86_64.rpm: (28, 'Operation too slow. Less than 1 bytes/sec transfered the last 30 seconds')
Trying other mirror.
(6/30): java-1.8.0-openjdk-headless-1.8.0.181-3.b13.el6_ |  32 MB     02:17
(7/30): jpackage-utils-1.7.5-3.16.el6.noarch.rpm         |  60 kB     00:00
(8/30): libICE-1.0.6-1.el6.x86_64.rpm                    |  53 kB     00:00
(9/30): libSM-1.2.1-2.el6.x86_64.rpm                     |  37 kB     00:00
(10/30): libX11-1.6.4-3.el6.x86_64.rpm                   | 587 kB     00:02
(11/30): libX11-common-1.6.4-3.el6.noarch.rpm            | 171 kB     00:00
(12/30): libXau-1.0.6-4.el6.x86_64.rpm                   |  24 kB     00:00
(13/30): libXext-1.3.3-1.el6.x86_64.rpm                  |  35 kB     00:00
(14/30): libXfont-1.5.1-2.el6.x86_64.rpm                 | 145 kB     00:00
(15/30): libXi-1.7.8-1.el6.x86_64.rpm                    |  38 kB     00:00
(16/30): libXrender-0.9.10-1.el6.x86_64.rpm              |  24 kB     00:00
(17/30): libXtst-1.2.3-1.el6.x86_64.rpm                  |  19 kB     00:00
(18/30): libfontenc-1.1.2-3.el6.x86_64.rpm               |  29 kB     00:00
(19/30): libjpeg-turbo-1.2.1-3.el6_5.x86_64.rpm          | 174 kB     00:00
(20/30): libpng-1.2.49-2.el6_7.x86_64.rpm                | 182 kB     00:00
(21/30): libxcb-1.12-4.el6.x86_64.rpm                    | 180 kB     00:00
(22/30): nspr-4.19.0-1.el6.x86_64.rpm                    | 114 kB     00:00
(23/30): nss-3.36.0-8.el6.x86_64.rpm                     | 865 kB     00:02
(24/30): nss-sysinit-3.36.0-8.el6.x86_64.rpm             |  52 kB     00:00
(25/30): nss-tools-3.36.0-8.el6.x86_64.rpm               | 460 kB     00:01
(26/30): nss-util-3.36.0-1.el6.x86_64.rpm                |  72 kB     00:00
(27/30): ttmkfdir-3.0.9-32.1.el6.x86_64.rpm              |  43 kB     00:00
(28/30): tzdata-java-2018e-3.el6.noarch.rpm              | 185 kB     00:00
(29/30): xorg-x11-font-utils-7.2-11.el6.x86_64.rpm       |  75 kB     00:00
(30/30): xorg-x11-fonts-Type1-7.2-11.el6.noarch.rpm      | 520 kB     00:01
--------------------------------------------------------------------------------
Total                                            97 kB/s |  37 MB     06:33
Running rpm_check_debug
Running Transaction Test
Transaction Test Succeeded
Running Transaction
  Installing : freetype-2.3.11-17.el6.x86_64                               1/35
  Updating   : nspr-4.19.0-1.el6.x86_64                                    2/35
  Updating   : nss-util-3.36.0-1.el6.x86_64                                3/35
  Updating   : nss-3.36.0-8.el6.x86_64                                     4/35
  Updating   : nss-sysinit-3.36.0-8.el6.x86_64                             5/35
  Installing : fontconfig-2.8.0-5.el6.x86_64                               6/35
  Installing : libICE-1.0.6-1.el6.x86_64                                   7/35
  Installing : libjpeg-turbo-1.2.1-3.el6_5.x86_64                          8/35
  Installing : libfontenc-1.1.2-3.el6.x86_64                               9/35
  Installing : libXfont-1.5.1-2.el6.x86_64                                10/35
  Installing : 1:xorg-x11-font-utils-7.2-11.el6.x86_64                    11/35
  Installing : libSM-1.2.1-2.el6.x86_64                                   12/35
  Installing : ttmkfdir-3.0.9-32.1.el6.x86_64                             13/35
  Installing : xorg-x11-fonts-Type1-7.2-11.el6.noarch                     14/35
  Installing : libXau-1.0.6-4.el6.x86_64                                  15/35
  Installing : libxcb-1.12-4.el6.x86_64                                   16/35
  Installing : libX11-common-1.6.4-3.el6.noarch                           17/35
  Installing : libX11-1.6.4-3.el6.x86_64                                  18/35
  Installing : libXext-1.3.3-1.el6.x86_64                                 19/35
  Installing : libXi-1.7.8-1.el6.x86_64                                   20/35
  Installing : libXtst-1.2.3-1.el6.x86_64                                 21/35
  Installing : libXrender-0.9.10-1.el6.x86_64                             22/35
  Installing : giflib-4.1.6-3.1.el6.x86_64                                23/35
  Installing : tzdata-java-2018e-3.el6.noarch                             24/35
  Installing : alsa-lib-1.1.0-4.el6.x86_64                                25/35
  Installing : jpackage-utils-1.7.5-3.16.el6.noarch                       26/35
  Installing : 1:java-1.8.0-openjdk-headless-1.8.0.181-3.b13.el6_10.x86   27/35
  Installing : 2:libpng-1.2.49-2.el6_7.x86_64                             28/35
  Installing : 1:java-1.8.0-openjdk-1.8.0.181-3.b13.el6_10.x86_64         29/35
  Updating   : nss-tools-3.36.0-8.el6.x86_64                              30/35
  Cleanup    : nss-tools-3.28.4-4.el6_9.x86_64                            31/35
  Cleanup    : nss-sysinit-3.28.4-4.el6_9.x86_64                          32/35
  Cleanup    : nss-3.28.4-4.el6_9.x86_64                                  33/35
  Cleanup    : nss-util-3.28.4-1.el6_9.x86_64                             34/35
  Cleanup    : nspr-4.13.1-1.el6.x86_64                                   35/35
  Verifying  : nspr-4.19.0-1.el6.x86_64                                    1/35
  Verifying  : freetype-2.3.11-17.el6.x86_64                               2/35
  Verifying  : fontconfig-2.8.0-5.el6.x86_64                               3/35
  Verifying  : libxcb-1.12-4.el6.x86_64                                    4/35
  Verifying  : libSM-1.2.1-2.el6.x86_64                                    5/35
  Verifying  : libXfont-1.5.1-2.el6.x86_64                                 6/35
  Verifying  : 2:libpng-1.2.49-2.el6_7.x86_64                              7/35
  Verifying  : ttmkfdir-3.0.9-32.1.el6.x86_64                              8/35
  Verifying  : nss-3.36.0-8.el6.x86_64                                     9/35
  Verifying  : jpackage-utils-1.7.5-3.16.el6.noarch                       10/35
  Verifying  : 1:xorg-x11-font-utils-7.2-11.el6.x86_64                    11/35
  Verifying  : libfontenc-1.1.2-3.el6.x86_64                              12/35
  Verifying  : 1:java-1.8.0-openjdk-1.8.0.181-3.b13.el6_10.x86_64         13/35
  Verifying  : alsa-lib-1.1.0-4.el6.x86_64                                14/35
  Verifying  : tzdata-java-2018e-3.el6.noarch                             15/35
  Verifying  : libX11-common-1.6.4-3.el6.noarch                           16/35
  Verifying  : libXi-1.7.8-1.el6.x86_64                                   17/35
  Verifying  : 1:java-1.8.0-openjdk-headless-1.8.0.181-3.b13.el6_10.x86   18/35
  Verifying  : nss-util-3.36.0-1.el6.x86_64                               19/35
  Verifying  : libXext-1.3.3-1.el6.x86_64                                 20/35
  Verifying  : libX11-1.6.4-3.el6.x86_64                                  21/35
  Verifying  : nss-sysinit-3.36.0-8.el6.x86_64                            22/35
  Verifying  : libjpeg-turbo-1.2.1-3.el6_5.x86_64                         23/35
  Verifying  : nss-tools-3.36.0-8.el6.x86_64                              24/35
  Verifying  : libXau-1.0.6-4.el6.x86_64                                  25/35
  Verifying  : libXtst-1.2.3-1.el6.x86_64                                 26/35
  Verifying  : libICE-1.0.6-1.el6.x86_64                                  27/35
  Verifying  : libXrender-0.9.10-1.el6.x86_64                             28/35
  Verifying  : xorg-x11-fonts-Type1-7.2-11.el6.noarch                     29/35
  Verifying  : giflib-4.1.6-3.1.el6.x86_64                                30/35
  Verifying  : nss-util-3.28.4-1.el6_9.x86_64                             31/35
  Verifying  : nspr-4.13.1-1.el6.x86_64                                   32/35
  Verifying  : nss-tools-3.28.4-4.el6_9.x86_64                            33/35
  Verifying  : nss-3.28.4-4.el6_9.x86_64                                  34/35
  Verifying  : nss-sysinit-3.28.4-4.el6_9.x86_64                          35/35

Installed:
  java-1.8.0-openjdk.x86_64 1:1.8.0.181-3.b13.el6_10

Dependency Installed:
  alsa-lib.x86_64 0:1.1.0-4.el6
  fontconfig.x86_64 0:2.8.0-5.el6
  freetype.x86_64 0:2.3.11-17.el6
  giflib.x86_64 0:4.1.6-3.1.el6
  java-1.8.0-openjdk-headless.x86_64 1:1.8.0.181-3.b13.el6_10
  jpackage-utils.noarch 0:1.7.5-3.16.el6
  libICE.x86_64 0:1.0.6-1.el6
  libSM.x86_64 0:1.2.1-2.el6
  libX11.x86_64 0:1.6.4-3.el6
  libX11-common.noarch 0:1.6.4-3.el6
  libXau.x86_64 0:1.0.6-4.el6
  libXext.x86_64 0:1.3.3-1.el6
  libXfont.x86_64 0:1.5.1-2.el6
  libXi.x86_64 0:1.7.8-1.el6
  libXrender.x86_64 0:0.9.10-1.el6
  libXtst.x86_64 0:1.2.3-1.el6
  libfontenc.x86_64 0:1.1.2-3.el6
  libjpeg-turbo.x86_64 0:1.2.1-3.el6_5
  libpng.x86_64 2:1.2.49-2.el6_7
  libxcb.x86_64 0:1.12-4.el6
  ttmkfdir.x86_64 0:3.0.9-32.1.el6
  tzdata-java.noarch 0:2018e-3.el6
  xorg-x11-font-utils.x86_64 1:7.2-11.el6
  xorg-x11-fonts-Type1.noarch 0:7.2-11.el6

Dependency Updated:
  nspr.x86_64 0:4.19.0-1.el6              nss.x86_64 0:3.36.0-8.el6
  nss-sysinit.x86_64 0:3.36.0-8.el6       nss-tools.x86_64 0:3.36.0-8.el6
  nss-util.x86_64 0:3.36.0-1.el6

Complete!
[root@localhost vagrant]# ls
jdk1.8.0_171  jdk-8u171-linux-x64.tar.gz
[root@localhost vagrant]# mv jdk-8u171-linux-x64.tar.gz /opt/
[root@localhost vagrant]# cd /opt/
[root@localhost opt]# ls
jdk-8u171-linux-x64.tar.gz  VBoxGuestAdditions-5.2.12
[root@localhost opt]# tar -xzf jdk-8u171-linux-x64.tar.gz
[root@localhost opt]# ls
jdk1.8.0_171  jdk-8u171-linux-x64.tar.gz  VBoxGuestAdditions-5.2.12
[root@localhost opt]# cd jdk1.8.0_171/
[root@localhost jdk1.8.0_171]# pwd
/opt/jdk1.8.0_171
[root@localhost jdk1.8.0_171]# ^C
[root@localhost jdk1.8.0_171]# vi ~/.bash
.bash_history  .bash_logout   .bash_profile  .bashrc
[root@localhost jdk1.8.0_171]# vi ~/.bashrc
[root@localhost jdk1.8.0_171]# java --version
Unrecognized option: --version
Error: Could not create the Java Virtual Machine.
Error: A fatal exception has occurred. Program will exit.
[root@localhost jdk1.8.0_171]# java -version
openjdk version "1.8.0_181"
OpenJDK Runtime Environment (build 1.8.0_181-b13)
OpenJDK 64-Bit Server VM (build 25.181-b13, mixed mode)
